[debug] [2026-05-11T10:23:34.345Z] ----------------------------------------------------------------------
[debug] [2026-05-11T10:23:34.349Z] Command:       C:\nvm4w\nodejs\node.exe C:\Users\mwene\AppData\Roaming\npm\node_modules\firebase-tools\lib\bin\firebase.js projects:list
[debug] [2026-05-11T10:23:34.349Z] CLI Version:   14.18.0
[debug] [2026-05-11T10:23:34.350Z] Platform:      win32
[debug] [2026-05-11T10:23:34.350Z] Node Version:  v24.0.0
[debug] [2026-05-11T10:23:34.350Z] Time:          Mon May 11 2026 13:23:34 GMT+0300 (East Africa Time)
[debug] [2026-05-11T10:23:34.350Z] ----------------------------------------------------------------------
[debug] 
[debug] [2026-05-11T10:23:34.353Z] >>> [apiv2][query] GET https://firebase-public.firebaseio.com/cli.json [none]
[debug] [2026-05-11T10:23:34.693Z] > command requires scopes: ["email","openid","https://www.googleapis.com/auth/cloudplatformprojects.readonly","https://www.googleapis.com/auth/firebase","https://www.googleapis.com/auth/cloud-platform"]
[debug] [2026-05-11T10:23:34.694Z] > authorizing via signed-in user (billo.mobile.app@gmail.com)
[debug] [2026-05-11T10:23:34.718Z] Checked if tokens are valid: true, expires at: 1778498472169
[debug] [2026-05-11T10:23:34.718Z] Checked if tokens are valid: true, expires at: 1778498472169
[debug] [2026-05-11T10:23:34.719Z] >>> [apiv2][query] GET https://firebase.googleapis.com/v1beta1/projects pageSize=1000
[debug] [2026-05-11T10:23:34.945Z] *** [apiv2] error from fetch(https://firebase.googleapis.com/v1beta1/projects?pageSize=1000, {"headers":{},"method":"GET","signal":{}}): FetchError: request to https://firebase.googleapis.com/v1beta1/projects?pageSize=1000 failed, reason: unable to verify the first certificate; if the root CA is installed locally, try running Node.js with --use-system-ca
[debug] [2026-05-11T10:23:34.945Z] Failed to make request to https://firebase.googleapis.com/v1beta1/projects?pageSize=1000
[debug] [2026-05-11T10:23:35.146Z] *** [apiv2] error from fetch(https://firebase-public.firebaseio.com/cli.json, {"headers":{},"method":"GET"}): FetchError: request to https://firebase-public.firebaseio.com/cli.json failed, reason: unable to verify the first certificate; if the root CA is installed locally, try running Node.js with --use-system-ca
[warn] !  Unable to fetch the CLI MOTD and remote config. This is not a fatal error, but may indicate an issue with your network connection. 
[debug] [2026-05-11T10:23:35.147Z] Failed to fetch MOTD FirebaseError: Failed to make request to https://firebase-public.firebaseio.com/cli.json
[debug] [2026-05-11T10:23:35.190Z] FirebaseError: Failed to make request to https://firebase.googleapis.com/v1beta1/projects?pageSize=1000
    at RetryOperation._fn (C:\Users\mwene\AppData\Roaming\npm\node_modules\firebase-tools\lib\apiv2.js:261:31)
    at process.processTicksAndRejections (node:internal/process/task_queues:105:5)
[error] 
[error] Error: Failed to list Firebase projects. See firebase-debug.log for more info.
